2026-08-12 11:59:36.315 [INFO] Criteria File   : C:\MyDocs\ConsultantProject\VVTemperature\VVTemp\bin\Debug\net8.0-windows\TestCriteria\BatteryTestCriteria.json
2026-08-12 11:59:36.315 [INFO] Loaded Tests    : 3
2026-08-12 11:59:36.315 [INFO] ========================================
2026-08-12 11:59:36.315 [INFO] Battery test session started.
2026-08-12 11:59:36.315 [INFO] Session ID      : BATT-2026-08-12_11-59-36
2026-08-12 11:59:36.315 [INFO] Session Folder  : C:\Users\jackp\OneDrive\Desktop\VVTestResults\AllTests\VVALL-20260812-115931\Battery\BATT-20260812-115936
2026-08-12 11:59:36.315 [INFO] Operator        : Jack Phan
2026-08-12 11:59:36.315 [INFO] COM Port        : COM4
2026-08-12 11:59:36.315 [INFO] Firmware ver.   : 1.0.0
2026-08-12 11:59:36.315 [INFO] Start Time      : 2026-08-12 11:59:36.314
2026-08-12 11:59:36.315 [INFO] ========================================
2026-08-12 11:59:36.316 [INFO] 
2026-08-12 11:59:36.316 [INFO] Test started : BAT_001 - Normal Battery Test
2026-08-12 11:59:36.317 [INFO] Start time: 2026-08-12 11:59:36.317
2026-08-12 11:59:36.317 [INFO] Sending VV battery test command, 0x82
2026-08-12 11:59:37.378 [INFO] End time: 2026-08-12 11:59:37.378
2026-08-12 11:59:37.378 [INFO] Duration: 00:00:01.0608593
2026-08-12 11:59:37.386 [INFO] Expected Status = NORMAL
2026-08-12 11:59:37.386 [INFO] Actual Status = NORMAL
2026-08-12 11:59:37.386 [INFO] Expected Voltage = 3.80 V
2026-08-12 11:59:37.386 [INFO] Actual Voltage = 3.80 V
2026-08-12 11:59:37.387 [INFO] BAT_001 : PASS
2026-08-12 11:59:37.387 [INFO] JsonFile: Battery_BAT_001_2026-08-12_11-59-37-378_PASS.json
2026-08-12 11:59:37.387 [INFO] 
2026-08-12 11:59:37.387 [INFO] Test started : BAT_002 - Low Battery Test
2026-08-12 11:59:37.387 [INFO] Start time: 2026-08-12 11:59:37.387
2026-08-12 11:59:37.387 [INFO] Sending VV battery test command, 0x82
2026-08-12 11:59:38.443 [INFO] End time: 2026-08-12 11:59:38.443
2026-08-12 11:59:38.443 [INFO] Duration: 00:00:01.0553738
2026-08-12 11:59:38.448 [INFO] Expected Status = LOW
2026-08-12 11:59:38.448 [INFO] Actual Status = LOW
2026-08-12 11:59:38.448 [INFO] Expected Voltage = 2.80 V
2026-08-12 11:59:38.448 [INFO] Actual Voltage = 2.50 V
2026-08-12 11:59:38.448 [WARN] BAT_002 : FAIL
2026-08-12 11:59:38.448 [INFO] JsonFile: Battery_BAT_002_2026-08-12_11-59-38-443_FAIL.json
2026-08-12 11:59:38.448 [INFO] 
2026-08-12 11:59:38.448 [INFO] Test started : BAT_003 - Critical Battery Test
2026-08-12 11:59:38.448 [INFO] Start time: 2026-08-12 11:59:38.448
2026-08-12 11:59:38.448 [INFO] Sending VV battery test command, 0x82
2026-08-12 11:59:39.518 [INFO] End time: 2026-08-12 11:59:39.518
2026-08-12 11:59:39.518 [INFO] Duration: 00:00:01.0693279
2026-08-12 11:59:39.521 [INFO] Expected Status = CRITICAL
2026-08-12 11:59:39.522 [INFO] Actual Status = CRITICAL
2026-08-12 11:59:39.522 [INFO] Expected Voltage = 2.40 V
2026-08-12 11:59:39.522 [INFO] Actual Voltage = 2.40 V
2026-08-12 11:59:39.522 [INFO] BAT_003 : PASS
2026-08-12 11:59:39.522 [INFO] JsonFile: Battery_BAT_003_2026-08-12_11-59-39-518_PASS.json
2026-08-12 11:59:39.573 [INFO] 
2026-08-12 11:59:39.573 [INFO] PDF generated : C:\Users\jackp\OneDrive\Desktop\VVTestResults\AllTests\VVALL-20260812-115931\Battery\BATT-20260812-115936\Battery_Test_Report_BATT-2026-08-12_11-59-36_FAIL.pdf
2026-08-12 11:59:39.630 [INFO] Excel generated : C:\Users\jackp\OneDrive\Desktop\VVTestResults\AllTests\VVALL-20260812-115931\Battery\BATT-20260812-115936\Battery_Test_Report_BATT-2026-08-12_11-59-36_FAIL.xlsx
2026-08-12 11:59:39.631 [INFO] 
2026-08-12 11:59:39.631 [INFO] Session summary : Total=3, Passed=2, Failed=1
2026-08-12 11:59:39.631 [INFO] Session summary JSON saved : C:\Users\jackp\OneDrive\Desktop\VVTestResults\AllTests\VVALL-20260812-115931\Battery\BATT-20260812-115936\BatterySession_BATT-2026-08-12_11-59-36_FAIL.json
2026-08-12 11:59:39.631 [INFO] End Time : 2026-08-12 11:59:39.522
2026-08-12 11:59:39.631 [INFO] Battery session completed.
