2026-09-22 10:05:10.310 [INFO] Criteria File   : C:\MyDocs\ConsultantProject\VVTemperature\VVTemp\bin\Debug\net8.0-windows\TestCriteria\SPITestCriteria.json
2026-09-22 10:05:10.310 [INFO] Loaded Tests    : 6
2026-09-22 10:05:10.310 [INFO] ========================================
2026-09-22 10:05:10.310 [INFO] SPI test session started.
2026-09-22 10:05:10.310 [INFO] Session ID      : SPI-2026-09-22_10-05-10
2026-09-22 10:05:10.310 [INFO] Session Folder  : C:\Users\jackp\OneDrive\Desktop\VVTestResults\AllTests\VVALL-20260922-100453\SPI\SPI-20260922-100510
2026-09-22 10:05:10.310 [INFO] Operator        : Jack
2026-09-22 10:05:10.310 [INFO] COM Port        : COM4
2026-09-22 10:05:10.310 [INFO] Firmware ver.   : 1.0.0
2026-09-22 10:05:10.310 [INFO] Start Time      : 2026-09-22 10:05:10.309
2026-09-22 10:05:10.310 [INFO] ========================================
2026-09-22 10:05:10.311 [INFO] 
2026-09-22 10:05:10.311 [INFO] ****************************************
2026-09-22 10:05:10.311 [INFO] Test started : SPI_001 - Unique Device ID
2026-09-22 10:05:10.312 [INFO] Start time: 2026-09-22 10:05:10.312
2026-09-22 10:05:10.312 [INFO] Sending VV SPI test command, 0x86
2026-09-22 10:05:11.335 [INFO] End time: 2026-09-22 10:05:11.335
2026-09-22 10:05:11.335 [INFO] Duration: 00:00:01.0227578
2026-09-22 10:05:11.349 [INFO] Expected Result = Valid 64-bit Unique ID
2026-09-22 10:05:11.349 [INFO] Actual Unique ID = 00 00 00 00 00 00 00 00
2026-09-22 10:05:11.349 [INFO] Device State = READY
2026-09-22 10:05:11.349 [INFO] Test Status = SPI_TEST_STATUS_PASS
2026-09-22 10:05:11.349 [WARN] SPI_001 : FAIL
2026-09-22 10:05:11.349 [INFO] JsonFile: SPI_SPI_001_2026-09-22_10-05-11-335_FAIL.json
2026-09-22 10:05:11.349 [INFO] 
2026-09-22 10:05:11.349 [INFO] ****************************************
2026-09-22 10:05:11.349 [INFO] Test started : SPI_002 - Write Enable
2026-09-22 10:05:11.349 [INFO] Start time: 2026-09-22 10:05:11.349
2026-09-22 10:05:11.349 [INFO] Sending VV SPI test command, 0x86
2026-09-22 10:05:12.393 [INFO] End time: 2026-09-22 10:05:12.393
2026-09-22 10:05:12.393 [INFO] Duration: 00:00:01.0440278
2026-09-22 10:05:12.398 [INFO] Expected Status Register = WEL bit = 1
2026-09-22 10:05:12.398 [INFO] Actual Status Register = 0x42 (WEL=1)
2026-09-22 10:05:12.398 [INFO] Device State = READY
2026-09-22 10:05:12.398 [INFO] Test Status = SPI_TEST_STATUS_PASS
2026-09-22 10:05:12.398 [INFO] SPI_002 : PASS
2026-09-22 10:05:12.398 [INFO] JsonFile: SPI_SPI_002_2026-09-22_10-05-12-394_PASS.json
2026-09-22 10:05:12.398 [INFO] 
2026-09-22 10:05:12.398 [INFO] ****************************************
2026-09-22 10:05:12.398 [INFO] Test started : SPI_003 - Single Byte Read/Write
2026-09-22 10:05:12.399 [INFO] Start time: 2026-09-22 10:05:12.399
2026-09-22 10:05:12.399 [INFO] Sending VV SPI test command, 0x86
2026-09-22 10:05:13.428 [INFO] End time: 2026-09-22 10:05:13.428
2026-09-22 10:05:13.428 [INFO] Duration: 00:00:01.0294718
2026-09-22 10:05:13.435 [INFO] Memory Address = 0x000100
2026-09-22 10:05:13.435 [INFO] Written Data = 0x5A
2026-09-22 10:05:13.435 [INFO] Expected Read Data = 0x5A
2026-09-22 10:05:13.435 [INFO] Actual Read Data = 0x5A
2026-09-22 10:05:13.435 [INFO] Device State = READY
2026-09-22 10:05:13.435 [INFO] Test Status = SPI_TEST_STATUS_PASS
2026-09-22 10:05:13.435 [INFO] SPI_003 : PASS
2026-09-22 10:05:13.435 [INFO] JsonFile: SPI_SPI_003_2026-09-22_10-05-13-428_PASS.json
2026-09-22 10:05:13.435 [INFO] 
2026-09-22 10:05:13.435 [INFO] ****************************************
2026-09-22 10:05:13.435 [INFO] Test started : SPI_004 - Multiple Byte Read/Write
2026-09-22 10:05:13.435 [INFO] Start time: 2026-09-22 10:05:13.435
2026-09-22 10:05:13.435 [INFO] Sending VV SPI test command, 0x86
2026-09-22 10:05:14.468 [INFO] End time: 2026-09-22 10:05:14.468
2026-09-22 10:05:14.468 [INFO] Duration: 00:00:01.0328126
2026-09-22 10:05:14.471 [INFO] Memory Address = 0x000200
2026-09-22 10:05:14.471 [INFO] Written Data = 0x11 0x22 0x33 0x44 0x55 0x66 0x77 0x88
2026-09-22 10:05:14.471 [INFO] Actual Read Data = 0x11 0x22 0x33 0x44 0x55 0x66 0x77 0x88
2026-09-22 10:05:14.471 [INFO] Device State = READY
2026-09-22 10:05:14.471 [INFO] Test Status = SPI_TEST_STATUS_PASS
2026-09-22 10:05:14.471 [INFO] SPI_004 : PASS
2026-09-22 10:05:14.471 [INFO] JsonFile: SPI_SPI_004_2026-09-22_10-05-14-468_PASS.json
2026-09-22 10:05:14.471 [INFO] 
2026-09-22 10:05:14.471 [INFO] ****************************************
2026-09-22 10:05:14.471 [INFO] Test started : SPI_005 - SPI Comm. Error Handling
2026-09-22 10:05:14.471 [INFO] Start time: 2026-09-22 10:05:14.471
2026-09-22 10:05:14.471 [INFO] Sending VV SPI test command, 0x86
2026-09-22 10:05:15.508 [INFO] End time: 2026-09-22 10:05:15.508
2026-09-22 10:05:15.508 [INFO] Duration: 00:00:01.0367337
2026-09-22 10:05:15.511 [INFO] Expected Result = Comm. error detected
2026-09-22 10:05:15.511 [INFO] Actual Result = COMM_ERROR
2026-09-22 10:05:15.511 [INFO] Device State = COMM_ERROR
2026-09-22 10:05:15.511 [INFO] Test Status = SPI_TEST_STATUS_FAIL
2026-09-22 10:05:15.511 [INFO] SPI_005 : PASS
2026-09-22 10:05:15.511 [INFO] JsonFile: SPI_SPI_005_2026-09-22_10-05-15-508_PASS.json
2026-09-22 10:05:15.512 [INFO] 
2026-09-22 10:05:15.512 [INFO] ****************************************
2026-09-22 10:05:15.512 [INFO] Test started : SPI_006 - SPI No-Hang
2026-09-22 10:05:15.512 [INFO] Start time: 2026-09-22 10:05:15.512
2026-09-22 10:05:15.512 [INFO] Sending VV SPI test command, 0x86
2026-09-22 10:05:16.546 [INFO] End time: 2026-09-22 10:05:16.546
2026-09-22 10:05:16.546 [INFO] Duration: 00:00:01.0346762
2026-09-22 10:05:16.548 [INFO] Expected Result = NO HANG
2026-09-22 10:05:16.548 [INFO] Actual Result = NO HANG
2026-09-22 10:05:16.548 [INFO] Device State = READY
2026-09-22 10:05:16.548 [INFO] Test Status = SPI_TEST_STATUS_PASS
2026-09-22 10:05:16.548 [INFO] Response Timeout = NO TIMEOUT
2026-09-22 10:05:16.548 [INFO] SPI_006 : PASS
2026-09-22 10:05:16.548 [INFO] JsonFile: SPI_SPI_006_2026-09-22_10-05-16-546_PASS.json
2026-09-22 10:05:16.587 [INFO] 
2026-09-22 10:05:16.587 [INFO] ****************************************
2026-09-22 10:05:16.587 [INFO] PDF generated : C:\Users\jackp\OneDrive\Desktop\VVTestResults\AllTests\VVALL-20260922-100453\SPI\SPI-20260922-100510\SPI_Test_Report_SPI-2026-09-22_10-05-10_FAIL.pdf
2026-09-22 10:05:16.612 [INFO] Excel generated : C:\Users\jackp\OneDrive\Desktop\VVTestResults\AllTests\VVALL-20260922-100453\SPI\SPI-20260922-100510\SPI_Test_Report_SPI-2026-09-22_10-05-10_FAIL.xlsx
2026-09-22 10:05:16.613 [INFO] 
2026-09-22 10:05:16.613 [INFO] Session summary : Total=6, Passed=5, Failed=1
2026-09-22 10:05:16.613 [INFO] Session summary JSON saved : C:\Users\jackp\OneDrive\Desktop\VVTestResults\AllTests\VVALL-20260922-100453\SPI\SPI-20260922-100510\SPISession_SPI-2026-09-22_10-05-10_FAIL.json
2026-09-22 10:05:16.613 [INFO] End Time : 2026-09-22 10:05:16.548
2026-09-22 10:05:16.613 [INFO] SPI session completed.
