2026-08-12 11:59:31.542 [INFO] Criteria File   : C:\MyDocs\ConsultantProject\VVTemperature\VVTemp\bin\Debug\net8.0-windows\TestCriteria\TemperatureTestCriteria.json
2026-08-12 11:59:31.545 [INFO] Loaded Tests    : 3
2026-08-12 11:59:31.545 [INFO] ========================================
2026-08-12 11:59:31.545 [INFO] Temperature test session started.
2026-08-12 11:59:31.545 [INFO] Session ID     : TEMP-2026-08-12_11-59-31
2026-08-12 11:59:31.545 [INFO] Session Folder : C:\Users\jackp\OneDrive\Desktop\VVTestResults\AllTests\VVALL-20260812-115931\Temperature\TEMP-20260812-115931
2026-08-12 11:59:31.545 [INFO] Operator       : Jack Phan
2026-08-12 11:59:31.545 [INFO] COM Port       : COM4
2026-08-12 11:59:31.545 [INFO] Firmware ver.  : 1.0.0
2026-08-12 11:59:31.545 [INFO] Start Time     : 2026-08-12 11:59:31.540
2026-08-12 11:59:31.545 [INFO] ========================================
2026-08-12 11:59:31.546 [INFO] 
2026-08-12 11:59:31.546 [INFO] Test started : TEMP_001 - 25C Normal Test
2026-08-12 11:59:31.547 [INFO] Start time: 2026-08-12 11:59:31.547
2026-08-12 11:59:31.548 [INFO] Sending VV temperature test command, 0x80
2026-08-12 11:59:31.570 [INFO] Response received: 0x81
2026-08-12 11:59:32.629 [INFO] End time: 2026-08-12 11:59:32.629
2026-08-12 11:59:32.630 [INFO] Duration: 00:00:01.0814454
2026-08-12 11:59:32.661 [INFO] Expected Status = NORMAL
2026-08-12 11:59:32.661 [INFO] Actual Status = NORMAL
2026-08-12 11:59:32.662 [INFO] Expected Temp = 25.0C
2026-08-12 11:59:32.662 [INFO] Actual Temp = 25.0C
2026-08-12 11:59:32.662 [INFO] TEMP_001 : PASS
2026-08-12 11:59:32.662 [INFO] JsonFile: Temperature_TEMP_001_2026-08-12_11-59-32-630_PASS.json
2026-08-12 11:59:32.662 [INFO] 
2026-08-12 11:59:32.662 [INFO] Test started : TEMP_002 - 50C Normal Test
2026-08-12 11:59:32.662 [INFO] Start time: 2026-08-12 11:59:32.662
2026-08-12 11:59:32.662 [INFO] Sending VV temperature test command, 0x80
2026-08-12 11:59:32.683 [INFO] Response received: 0x81
2026-08-12 11:59:33.723 [INFO] End time: 2026-08-12 11:59:33.723
2026-08-12 11:59:33.723 [INFO] Duration: 00:00:01.0610757
2026-08-12 11:59:33.727 [INFO] Expected Status = WARM
2026-08-12 11:59:33.727 [INFO] Actual Status = WARM
2026-08-12 11:59:33.727 [INFO] Expected Temp = 50.0C
2026-08-12 11:59:33.727 [INFO] Actual Temp = 49.9C
2026-08-12 11:59:33.727 [INFO] TEMP_002 : PASS
2026-08-12 11:59:33.727 [INFO] JsonFile: Temperature_TEMP_002_2026-08-12_11-59-33-723_PASS.json
2026-08-12 11:59:33.727 [INFO] 
2026-08-12 11:59:33.727 [INFO] Test started : TEMP_003 - 75C Normal Test
2026-08-12 11:59:33.727 [INFO] Start time: 2026-08-12 11:59:33.727
2026-08-12 11:59:33.727 [INFO] Sending VV temperature test command, 0x80
2026-08-12 11:59:33.755 [INFO] Response received: 0x81
2026-08-12 11:59:34.788 [INFO] End time: 2026-08-12 11:59:34.788
2026-08-12 11:59:34.788 [INFO] Duration: 00:00:01.0614187
2026-08-12 11:59:34.791 [INFO] Expected Status = HOT
2026-08-12 11:59:34.791 [INFO] Actual Status = HOT
2026-08-12 11:59:34.791 [INFO] Expected Temp = 75.0C
2026-08-12 11:59:34.791 [INFO] Actual Temp = 75.0C
2026-08-12 11:59:34.791 [INFO] TEMP_003 : PASS
2026-08-12 11:59:34.791 [INFO] JsonFile: Temperature_TEMP_003_2026-08-12_11-59-34-788_PASS.json
2026-08-12 11:59:35.275 [INFO] 
2026-08-12 11:59:35.275 [INFO] PDF generated : C:\Users\jackp\OneDrive\Desktop\VVTestResults\AllTests\VVALL-20260812-115931\Temperature\TEMP-20260812-115931\Temperature_Test_Report_TEMP-2026-08-12_11-59-31_PASS.pdf
2026-08-12 11:59:36.288 [INFO] Excel generated : C:\Users\jackp\OneDrive\Desktop\VVTestResults\AllTests\VVALL-20260812-115931\Temperature\TEMP-20260812-115931\Temperature_Test_Report_TEMP-2026-08-12_11-59-31_PASS.xlsx
2026-08-12 11:59:36.288 [INFO] Session summary : Total=3, Passed=3, Failed=0
2026-08-12 11:59:36.288 [INFO] Session summary JSON saved : C:\Users\jackp\OneDrive\Desktop\VVTestResults\AllTests\VVALL-20260812-115931\Temperature\TEMP-20260812-115931\TemperatureSession_TEMP-2026-08-12_11-59-31_PASS.json
2026-08-12 11:59:36.288 [INFO] End Time   :2026-08-12 11:59:34.791
2026-08-12 11:59:36.288 [INFO] Temperature session completed.
